// Jest Snapshot v1, https://goo.gl/fbAQLP

exports[`ListAlert list alert renders correctly 1`] = `
<li
  className="list_alert"
>
   alert alert
</li>
`;

exports[`ListItem Disabled Side Panel Group renders correctly 1`] = `
<div
  className="panel_group disabled"
>
  <div
    className="title_bar"
  >
    <svg
      aria-hidden="true"
      className="title_bar_icon"
      fill="currentColor"
      height={undefined}
      version="1.1"
      viewBox="0 0 24 24"
      width={undefined}
      x={undefined}
      y={undefined}
    >
      <path
        d="M2.44444444,20.4 C2.44444444,21.0627417 2.99165197,21.6 3.66666667,21.6 L18.3333333,21.6 C19.008348,21.6 19.5555556,21.0627417 19.5555556,20.4 C19.5555556,20.148 19.47,19.908 19.3355556,19.716 L12.2222222,7.62 L12.2222222,2.4 L9.77777778,2.4 L9.77777778,7.62 L2.66444444,19.716 C2.53,19.908 2.44444444,20.148 2.44444444,20.4 Z M3.66666667,24 C1.64162258,24 0,22.3882251 0,20.4 C0,19.68 0.22,19.008 0.611111111,18.444 L7.33333333,6.972 L7.33333333,4.8 C6.65831864,4.8 6.11111111,4.2627417 6.11111111,3.6 L6.11111111,2.4 C6.11111111,1.0745166 7.20552617,0 8.55555556,0 L13.4444444,0 C14.7944738,0 15.8888889,1.0745166 15.8888889,2.4 L15.8888889,3.6 C15.8888889,4.2627417 15.3416814,4.8 14.6666667,4.8 L14.6666667,6.972 L21.3888889,18.444 C21.78,19.008 22,19.68 22,20.4 C22,22.3882251 20.3583774,24 18.3333333,24 L3.66666667,24 Z M12.2222222,16.8 L13.86,15.192 L16.2188889,19.2 L5.78111111,19.2 L9.03222222,13.668 L12.2222222,16.8 Z M11.6111111,12 C11.9486185,12 12.2222222,12.2686292 12.2222222,12.6 C12.2222222,12.9313708 11.9486185,13.2 11.6111111,13.2 C11.2736038,13.2 11,12.9313708 11,12.6 C11,12.2686292 11.2736038,12 11.6111111,12 Z"
        fillRule="evenodd"
      />
    </svg>
    <h2
      className="title"
    >
      title
    </h2>
  </div>
   children 
</div>
`;

exports[`ListItem Side Panel Group renders correctly 1`] = `
<div
  className="panel_group"
>
  <div
    className="title_bar"
  >
    <svg
      aria-hidden="true"
      className="title_bar_icon"
      fill="currentColor"
      height={undefined}
      version="1.1"
      viewBox="0 0 24 24"
      width={undefined}
      x={undefined}
      y={undefined}
    >
      <path
        d="M2.44444444,20.4 C2.44444444,21.0627417 2.99165197,21.6 3.66666667,21.6 L18.3333333,21.6 C19.008348,21.6 19.5555556,21.0627417 19.5555556,20.4 C19.5555556,20.148 19.47,19.908 19.3355556,19.716 L12.2222222,7.62 L12.2222222,2.4 L9.77777778,2.4 L9.77777778,7.62 L2.66444444,19.716 C2.53,19.908 2.44444444,20.148 2.44444444,20.4 Z M3.66666667,24 C1.64162258,24 0,22.3882251 0,20.4 C0,19.68 0.22,19.008 0.611111111,18.444 L7.33333333,6.972 L7.33333333,4.8 C6.65831864,4.8 6.11111111,4.2627417 6.11111111,3.6 L6.11111111,2.4 C6.11111111,1.0745166 7.20552617,0 8.55555556,0 L13.4444444,0 C14.7944738,0 15.8888889,1.0745166 15.8888889,2.4 L15.8888889,3.6 C15.8888889,4.2627417 15.3416814,4.8 14.6666667,4.8 L14.6666667,6.972 L21.3888889,18.444 C21.78,19.008 22,19.68 22,20.4 C22,22.3882251 20.3583774,24 18.3333333,24 L3.66666667,24 Z M12.2222222,16.8 L13.86,15.192 L16.2188889,19.2 L5.78111111,19.2 L9.03222222,13.668 L12.2222222,16.8 Z M11.6111111,12 C11.9486185,12 12.2222222,12.2686292 12.2222222,12.6 C12.2222222,12.9313708 11.9486185,13.2 11.6111111,13.2 C11.2736038,13.2 11,12.9313708 11,12.6 C11,12.2686292 11.2736038,12 11.6111111,12 Z"
        fillRule="evenodd"
      />
    </svg>
    <h2
      className="title"
    >
      title
    </h2>
  </div>
   children 
</div>
`;

exports[`ListItem renders ListItem with icon correctly 1`] = `
<li
  className="list_item disabled"
  onClick={undefined}
>
  <svg
    aria-hidden="true"
    className="item_icon"
    fill="currentColor"
    height={undefined}
    version="1.1"
    viewBox="0 0 24 24"
    width={undefined}
    x={undefined}
    y={undefined}
  >
    <path
      d="M9.6,18 L3.6,12 L5.292,10.296 L9.6,14.604 L18.708,5.496 L20.4,7.2 L9.6,18 Z M12,5.32907052e-16 C5.372583,-2.13162821e-15 5.32907052e-16,5.372583 0,12 C-1.59872116e-15,15.1825979 1.26428208,18.2348448 3.51471863,20.4852814 C5.76515517,22.7357179 8.81740212,24 12,24 C15.1825979,24 18.2348448,22.7357179 20.4852814,20.4852814 C22.7357179,18.2348448 24,15.1825979 24,12 C24,8.81740212 22.7357179,5.76515517 20.4852814,3.51471863 C18.2348448,1.26428208 15.1825979,2.66453526e-16 12,5.32907052e-16 Z"
      fillRule="evenodd"
    />
  </svg>
  <span
    className="info"
  />
</li>
`;

exports[`ListItem renders ListItem without icon correctly 1`] = `
<li
  className="list_item disabled"
  onClick={undefined}
>
  <span
    className="info"
  />
</li>
`;

exports[`TitledList renders TitledList with children correctly 1`] = `
<div
  className="titled_list"
>
  <div
    className="title_bar"
    onClick={undefined}
  >
    <h3
      className="title"
    >
      foo
    </h3>
  </div>
  <ol
    className="list"
  >
    <li>
      Woop
    </li>
  </ol>
</div>
`;

exports[`TitledList renders TitledList with optional icon correctly 1`] = `
<div
  className="titled_list"
>
  <div
    className="title_bar"
    onClick={undefined}
  >
    <h3
      className="title"
    >
      foo
    </h3>
  </div>
</div>
`;

exports[`TitledList renders TitledList without icon correctly 1`] = `
<div
  className="titled_list"
>
  <div
    className="title_bar"
    onClick={undefined}
  >
    <h3
      className="title"
    >
      foo
    </h3>
  </div>
</div>
`;

exports[`TitledList renders collapsed TitledList correctly 1`] = `
<div
  className="titled_list"
>
  <div
    className="title_bar"
    onClick={undefined}
  >
    <h3
      className="title"
    />
    <div
      className="title_bar_carat"
      onClick={[Function]}
    >
      <svg
        aria-hidden="true"
        className="title_bar_icon"
        fill="currentColor"
        height={undefined}
        version="1.1"
        viewBox="0 0 24 24"
        width={undefined}
        x={undefined}
        y={undefined}
      >
        <path
          d="M7.41 9L12 13.242 16.59 9 18 10.312l-6 5.545-6-5.545z"
          fillRule="evenodd"
        />
      </svg>
    </div>
  </div>
</div>
`;

exports[`TitledList renders expanded TitledList correctly 1`] = `
<div
  className="titled_list"
>
  <div
    className="title_bar"
    onClick={undefined}
  >
    <h3
      className="title"
    />
    <div
      className="title_bar_carat"
      onClick={[Function]}
    >
      <svg
        aria-hidden="true"
        className="title_bar_icon"
        fill="currentColor"
        height={undefined}
        version="1.1"
        viewBox="0 0 24 24"
        width={undefined}
        x={undefined}
        y={undefined}
      >
        <path
          d="M8.571 7.839l4.242 4.59-4.242 4.59 1.312 1.41 5.545-6-5.545-6z"
          fillRule="evenodd"
        />
      </svg>
    </div>
  </div>
  <span>
    Description
  </span>
  <ol
    className="list"
  >
    <li>
      1
    </li>
    <li>
      2
    </li>
  </ol>
</div>
`;
